** Drc report for cand.kicad_pcb **
** Created on 2026-06-20T00:05:07 **
** Report includes: Errors **

** Found 4 DRC violations **
[shorting_items]: ２つのネットを短絡するアイテム (ネット GND と LNA_IN)
    Local override; error
    @(22.7310 mm, 7.4050 mm): ビア [GND] (F.Cu - B.Cu 上)
    @(22.2581 mm, 6.8477 mm): 配線 [LNA_IN] ( In2.Cu 上、長さ: 9.3447 mm )
[shorting_items]: ２つのネットを短絡するアイテム (ネット VBAT と GND)
    Local override; error
    @(23.3125 mm, 7.7500 mm): パッド 1 [VBAT] - C4 ( F.Cu 上)
    @(22.7310 mm, 7.4050 mm): ビア [GND] (F.Cu - B.Cu 上)
[hole_clearance]: 穴のクリアランス違反 (基板の設定の穴の制約 クリアランス 0.1500 mm; 現状 0.0815 mm)
    Rule: 基板の設定の穴の制約; error
    @(23.3125 mm, 7.7500 mm): パッド 1 [VBAT] - C4 ( F.Cu 上)
    @(22.7310 mm, 7.4050 mm): ビア [GND] (F.Cu - B.Cu 上)
[solder_mask_bridge]: 異なるネットのアイテムが表面ハンダマスクのアパーチャで接続されている
    Rule: 基板セットアップのハンダマスクの最小幅; error
    @(22.7310 mm, 7.4050 mm): ビア [GND] (F.Cu - B.Cu 上)
    @(23.3125 mm, 7.7500 mm): パッド 1 [VBAT] - C4 ( F.Cu 上)

** Found 8 unconnected pads **
[unconnected_items]: Missing connection between items
    Local override; error
    @(0.0000 mm, 0.0000 mm): ゾーン [GND] F.Cu 上, 優先度 0
    @(0.0000 mm, 0.0000 mm): ゾーン [GND] F.Cu 上, 優先度 0
[unconnected_items]: Missing connection between items
    Local override; error
    @(0.0000 mm, 0.0000 mm): ゾーン [GND] F.Cu 上, 優先度 0
    @(0.0000 mm, 0.0000 mm): ゾーン [GND] F.Cu 上, 優先度 0
[unconnected_items]: Missing connection between items
    Local override; error
    @(0.0000 mm, 0.0000 mm): ゾーン [GND] F.Cu 上, 優先度 0
    @(0.0000 mm, 0.0000 mm): ゾーン [GND] F.Cu 上, 優先度 0
[unconnected_items]: Missing connection between items
    Local override; error
    @(0.0000 mm, 0.0000 mm): ゾーン [GND] F.Cu 上, 優先度 0
    @(0.0000 mm, 0.0000 mm): ゾーン [GND] F.Cu 上, 優先度 0
[unconnected_items]: Missing connection between items
    Local override; error
    @(0.0000 mm, 0.0000 mm): ゾーン [GND] F.Cu 上, 優先度 0
    @(0.0000 mm, 0.0000 mm): ゾーン [GND] F.Cu 上, 優先度 0
[unconnected_items]: Missing connection between items
    Local override; error
    @(0.0000 mm, 0.0000 mm): ゾーン [GND] F.Cu 上, 優先度 0
    @(0.0000 mm, 0.0000 mm): ゾーン [GND] F.Cu 上, 優先度 0
[unconnected_items]: Missing connection between items
    Local override; error
    @(0.0000 mm, 0.0000 mm): ゾーン [GND] In1.Cu 上, 優先度 0
    @(0.0000 mm, 0.0000 mm): ゾーン [GND] F.Cu 上, 優先度 0
[unconnected_items]: Missing connection between items
    Local override; error
    @(0.0000 mm, 0.0000 mm): ゾーン [GND] F.Cu 上, 優先度 0
    @(0.0000 mm, 0.0000 mm): ゾーン [GND] F.Cu 上, 優先度 0

** Found 0 Footprint errors **

** Ignored checks **
    - Footprint has no courtyard defined
    - Track endpoint not centered on via
    - Tuning profile track geometries
    - Footprint doesn't match symbol's footprint filters
    - Footprint component type doesn't match footprint pads

** End of Report **
