** Drc report for grid2_cand.kicad_pcb **
** Created on 2026-06-20T00:08:14 **
** Report includes: Errors **

** Found 1 DRC violations **
[shorting_items]: ２つのネットを短絡するアイテム (ネット GND と VBAT)
    Local override; error
    @(26.7000 mm, 9.7000 mm): ビア [GND] (F.Cu - B.Cu 上)
    @(25.7361 mm, 9.7453 mm): 配線 [VBAT] ( In2.Cu 上、長さ: 3.4371 mm )

** Found 4 unconnected pads **
[unconnected_items]: Missing connection between items
    Local override; error
    @(0.0000 mm, 0.0000 mm): ゾーン [GND] F.Cu 上, 優先度 0
    @(0.0000 mm, 0.0000 mm): ゾーン [GND] F.Cu 上, 優先度 0
[unconnected_items]: Missing connection between items
    Local override; error
    @(0.0000 mm, 0.0000 mm): ゾーン [GND] F.Cu 上, 優先度 0
    @(0.0000 mm, 0.0000 mm): ゾーン [GND] F.Cu 上, 優先度 0
[unconnected_items]: Missing connection between items
    Local override; error
    @(0.0000 mm, 0.0000 mm): ゾーン [GND] F.Cu 上, 優先度 0
    @(0.0000 mm, 0.0000 mm): ゾーン [GND] F.Cu 上, 優先度 0
[unconnected_items]: Missing connection between items
    Local override; error
    @(0.0000 mm, 0.0000 mm): ゾーン [GND] F.Cu 上, 優先度 0
    @(0.0000 mm, 0.0000 mm): ゾーン [GND] F.Cu 上, 優先度 0

** Found 0 Footprint errors **

** Ignored checks **
    - Footprint has no courtyard defined
    - Track endpoint not centered on via
    - Tuning profile track geometries
    - Footprint doesn't match symbol's footprint filters
    - Footprint component type doesn't match footprint pads

** End of Report **
