** Drc report for small_cand.kicad_pcb **
** Created on 2026-06-20T00:06:24 **
** Report includes: Errors **

** Found 4 DRC violations **
[shorting_items]: ２つのネットを短絡するアイテム (ネット GND と LNA_IN)
    Local override; error
    @(25.7000 mm, 10.2000 mm): ビア [GND] (F.Cu - B.Cu 上)
    @(22.2581 mm, 6.8477 mm): 配線 [LNA_IN] ( In2.Cu 上、長さ: 9.3447 mm )
[shorting_items]: ２つのネットを短絡するアイテム (ネット GND と 3V3)
    Local override; error
    @(25.7000 mm, 10.2000 mm): ビア [GND] (F.Cu - B.Cu 上)
    @(27.0707 mm, 10.2594 mm): 配線 [3V3] ( F.Cu 上、長さ: 2.2534 mm )
[clearance]: クリアランス違反 ( クリアランス 0.1000 mm; 現状 0.0061 mm)
    Local override; error
    @(25.7000 mm, 10.2000 mm): ビア [GND] (F.Cu - B.Cu 上)
    @(25.7361 mm, 9.7453 mm): ビア [VBAT] (F.Cu - B.Cu 上)
[shorting_items]: ２つのネットを短絡するアイテム (ネット GND と VBAT)
    Local override; error
    @(25.7000 mm, 10.2000 mm): ビア [GND] (F.Cu - B.Cu 上)
    @(25.7361 mm, 14.4361 mm): 配線 [VBAT] ( B.Cu 上、長さ: 4.6908 mm )

** Found 8 unconnected pads **
[unconnected_items]: Missing connection between items
    Local override; error
    @(0.0000 mm, 0.0000 mm): ゾーン [GND] F.Cu 上, 優先度 0
    @(0.0000 mm, 0.0000 mm): ゾーン [GND] F.Cu 上, 優先度 0
[unconnected_items]: Missing connection between items
    Local override; error
    @(0.0000 mm, 0.0000 mm): ゾーン [GND] F.Cu 上, 優先度 0
    @(0.0000 mm, 0.0000 mm): ゾーン [GND] F.Cu 上, 優先度 0
[unconnected_items]: Missing connection between items
    Local override; error
    @(0.0000 mm, 0.0000 mm): ゾーン [GND] F.Cu 上, 優先度 0
    @(0.0000 mm, 0.0000 mm): ゾーン [GND] F.Cu 上, 優先度 0
[unconnected_items]: Missing connection between items
    Local override; error
    @(0.0000 mm, 0.0000 mm): ゾーン [GND] B.Cu 上, 優先度 0
    @(0.0000 mm, 0.0000 mm): ゾーン [GND] F.Cu 上, 優先度 0
[unconnected_items]: Missing connection between items
    Local override; error
    @(0.0000 mm, 0.0000 mm): ゾーン [GND] F.Cu 上, 優先度 0
    @(0.0000 mm, 0.0000 mm): ゾーン [GND] F.Cu 上, 優先度 0
[unconnected_items]: Missing connection between items
    Local override; error
    @(0.0000 mm, 0.0000 mm): ゾーン [GND] B.Cu 上, 優先度 0
    @(0.0000 mm, 0.0000 mm): ゾーン [GND] F.Cu 上, 優先度 0
[unconnected_items]: Missing connection between items
    Local override; error
    @(0.0000 mm, 0.0000 mm): ゾーン [GND] F.Cu 上, 優先度 0
    @(0.0000 mm, 0.0000 mm): ゾーン [GND] B.Cu 上, 優先度 0
[unconnected_items]: Missing connection between items
    Local override; error
    @(0.0000 mm, 0.0000 mm): ゾーン [GND] F.Cu 上, 優先度 0
    @(0.0000 mm, 0.0000 mm): ゾーン [GND] F.Cu 上, 優先度 0

** Found 0 Footprint errors **

** Ignored checks **
    - Footprint has no courtyard defined
    - Track endpoint not centered on via
    - Tuning profile track geometries
    - Footprint doesn't match symbol's footprint filters
    - Footprint component type doesn't match footprint pads

** End of Report **
